
 ⛅️ wrangler 4.64.0
───────────────────
Your Worker has access to the following bindings:
Binding                                Resource                  Mode
env.BACKEND_BASE_URL ("(hidden)")      Environment Variable      local

⎔ Starting local server...
[wrangler:info] Ready on http://localhost:8788
[wrangler:info] GET / 200 OK (12ms)
[wrangler:info] GET /api/categories/suggestions 200 OK (47ms)
[wrangler:info] GET /api/system/thresholds 200 OK (47ms)
[wrangler:info] GET /api/trial/summary 200 OK (48ms)
[wrangler:info] GET /api/review/queue 200 OK (106ms)
[wrangler:info] GET /api/review/queue 200 OK (119ms)
[wrangler:info] GET /api/analysis/api-usage 200 OK (697ms)
[wrangler:info] GET / 200 OK (56ms)
[wrangler:info] GET /api/categories/suggestions 200 OK (54ms)
[wrangler:info] GET /api/system/thresholds 200 OK (58ms)
[wrangler:info] GET /api/trial/summary 200 OK (59ms)
[wrangler:info] GET /api/review/queue 200 OK (195ms)
[wrangler:info] GET /api/review/queue 200 OK (40ms)
[wrangler:info] GET /api/analysis/api-usage 200 OK (581ms)
